{"level":"error","ts":"2025-06-23T18:24:44.578Z","caller":"database/database.go:49","msg":"Failed to ping database","error":"dial tcp [::1]:5432: connect: connection refused"}
{"level":"fatal","ts":"2025-06-23T18:24:44.578Z","caller":"apps/server.go:83","msg":"Failed to connect to database","error":"failed to ping database: dial tcp [::1]:5432: connect: connection refused"}
{"level":"error","ts":"2025-06-23T18:37:37.976Z","caller":"database/database.go:49","msg":"Failed to ping database","error":"dial tcp [::1]:5432: connect: connection refused"}
{"level":"fatal","ts":"2025-06-23T18:37:37.977Z","caller":"apps/server.go:83","msg":"Failed to connect to database","error":"failed to ping database: dial tcp [::1]:5432: connect: connection refused"}
{"level":"error","ts":"2025-06-23T19:09:24.463Z","caller":"database/database.go:49","msg":"Failed to ping database","error":"dial tcp [::1]:5432: connect: connection refused"}
{"level":"fatal","ts":"2025-06-23T19:09:24.463Z","caller":"apps/server.go:83","msg":"Failed to connect to database","error":"failed to ping database: dial tcp [::1]:5432: connect: connection refused"}
{"level":"debug","ts":"2025-06-23T21:54:38.505Z","caller":"database/database.go:71","msg":"Database connection established successfully with connection pool settings","DB_DRIVER":"postgres","MaxOpenConns":50,"MaxIdleConns":10,"ConnMaxLifetime":"30m0s"}
{"level":"info","ts":"2025-06-23T21:54:38.518Z","caller":"apps/server.go:190","msg":"Server running on port 50051"}
{"level":"debug","ts":"2025-06-23T21:54:38.518Z","caller":"apps/server.go:205","msg":"gRPC server listening on port 50051","port":50051}
{"level":"info","ts":"2025-06-23T21:54:38.518Z","caller":"apps/server.go:197","msg":"Metrics server listening on :8081"}
{"level":"debug","ts":"2025-06-23T22:45:20.318Z","caller":"database/database.go:71","msg":"Database connection established successfully with connection pool settings","DB_DRIVER":"postgres","MaxOpenConns":50,"MaxIdleConns":10,"ConnMaxLifetime":"30m0s"}
{"level":"info","ts":"2025-06-23T22:45:20.326Z","caller":"apps/server.go:190","msg":"Server running on port 50051"}
{"level":"debug","ts":"2025-06-23T22:45:20.326Z","caller":"apps/server.go:205","msg":"gRPC server listening on port 50051","port":50051}
{"level":"info","ts":"2025-06-23T22:45:20.326Z","caller":"apps/server.go:197","msg":"Metrics server listening on :8081"}
{"level":"debug","ts":"2026-05-19T10:04:00.433Z","caller":"database/database.go:79","msg":"Database connection pool established successfully","DB_DRIVER":"pgx","MaxConns":50,"MinConns":50,"MaxConnLifetime":"30m0s","MaxConnIdleTime":"30m0s","HealthCheckPeriod":"1m0s"}
{"level":"info","ts":"2026-05-19T10:04:00.448Z","caller":"server/server.go:163","msg":"gRPC server starting","port":50051,"address":"[::]:50051"}
{"level":"error","ts":"2026-05-19T10:04:30.522Z","caller":"server/server.go:306","msg":"Failed to get cache stats","error":"failed to get redis info: dial tcp: lookup redis_auth on 127.0.0.11:53: server misbehaving"}
{"level":"error","ts":"2026-05-19T10:05:00.525Z","caller":"server/server.go:306","msg":"Failed to get cache stats","error":"failed to get redis info: dial tcp: lookup redis_auth on 127.0.0.11:53: server misbehaving"}
{"level":"error","ts":"2026-05-19T10:05:30.557Z","caller":"server/server.go:306","msg":"Failed to get cache stats","error":"failed to get redis info: dial tcp: lookup redis_auth on 127.0.0.11:53: server misbehaving"}
{"level":"info","ts":"2026-05-19T10:06:00.450Z","caller":"server/server.go:324","msg":"Cache statistics","ref_count":0,"total_keys":0,"hit_rate":0,"memory_used":"1.0 MB"}
{"level":"info","ts":"2026-05-19T10:06:30.449Z","caller":"server/server.go:324","msg":"Cache statistics","ref_count":0,"total_keys":0,"hit_rate":0,"memory_used":"1.0 MB"}
{"level":"info","ts":"2026-05-19T10:06:33.296Z","caller":"server/server.go:174","msg":"Received shutdown signal","signal":"terminated"}
{"level":"info","ts":"2026-05-19T10:06:33.296Z","caller":"server/server.go:188","msg":"Starting graceful shutdown..."}
{"level":"info","ts":"2026-05-19T10:06:33.296Z","caller":"server/server.go:206","msg":"Background tasks stopped successfully"}
{"level":"info","ts":"2026-05-19T10:06:33.296Z","caller":"server/server.go:219","msg":"gRPC server stopped gracefully"}
{"level":"info","ts":"2026-05-19T10:06:33.296Z","caller":"server/server.go:225","msg":"Graceful shutdown completed"}
{"level":"info","ts":"2026-05-19T10:06:33.296Z","caller":"server/server.go:230","msg":"Cleaning up resources..."}
{"level":"info","ts":"2026-05-19T10:06:33.296Z","caller":"server/server.go:236","msg":"Redis connection closed"}
{"level":"info","ts":"2026-05-19T10:06:33.297Z","caller":"server/server.go:244","msg":"Telemetry shutdown successfully"}
{"level":"info","ts":"2026-05-19T10:06:33.297Z","caller":"server/server.go:248","msg":"Cleanup completed"}
